// Jest Snapshot v1, https://goo.gl/fbAQLP

exports[`Prueba del componente PrimeraApp debe de mostra el componente correctamente 1`] = `
<Fragment>
  <h1>
    Hola soy Goku
    !!!
  </h1>
  <p>
    Soy un subtitulo
  </p>
</Fragment>
`;
